✚ generating ImagePolicy
► applying ImagePolicy
✔ ImagePolicy created
◎ waiting for ImagePolicy reconciliation
✔ ImagePolicy reconciliation completed
