apiVersion: image.toolkit.fluxcd.io/v1
kind: ImageRepository
---



apiVersion: image.toolkit.fluxcd.io/v1
kind: ImagePolicy


---

apiVersion: image.toolkit.fluxcd.io/v1/v2
kind: ImagePolicy

