image:
  repository: stefanprodan/podinfo
  tag: 5.0.0
