# Status documentation: https://fluxcd.io/flux/components/kustomize/kustomizations/#kustomization-status
observedGeneration: -1
