► Checking flux pre-installation
✔ flux 0.0.0-dev.0 is a development build
► Checking kubernetes pre-installation
✔ kubernetes {{ .serverVersion }}>=1.30.0-0
► All pre-installation checks passed
