► Secret/default/podinfo-token-77t89m9b67 drifted

data.token
  ± value change
    - *** (before)
    + *** (after)

